// Jest Snapshot v1, https://goo.gl/fbAQLP

exports[`Component tests <GifExpectApp /> testing the component 1`] = `
<Fragment>
  <h2>
    GifExpertApp
  </h2>
  <AddCategory
    setCategories={[Function]}
  />
  <hr />
  <ol>
    <GifGrid
      category="Samurai X"
      key="Samurai X"
    >
      Samurai X
    </GifGrid>
  </ol>
</Fragment>
`;

exports[`Pruebas del componente <GifExpectApp /> probando el componente 1`] = `
<Fragment>
  <h2>
    GifExpertApp
  </h2>
  <AddCategory
    setCategories={[Function]}
  />
  <hr />
  <ol>
    <GifGrid
      category="Samurai X"
      key="Samurai X"
    >
      Samurai X
    </GifGrid>
  </ol>
</Fragment>
`;
